============================= test session starts =============================
platform win32 -- Python 3.13.3, pytest-9.0.2, pluggy-1.6.0
rootdir: C:\Users\sahil\OneDrive\Desktop\Projects\College Projects\metalsense\backend
plugins: anyio-4.12.1
collected 4 items

tests\test_auth_rbac.py ....                                             [100%]

============================== 4 passed in 0.86s ==============================
